2026-09-14 12:16:14,794 | INFO | Lektion angelegt: 'Test' mit 4 Vokabeln
2026-09-14 12:18:30,182 | INFO | === ABFRAGE gestartet | Lektion='Test' Richtung=de-en ===
2026-09-14 12:18:30,183 | INFO | Abfrage | RICHTIG | de='Hallo' en='hello' gegeben='hello'
2026-09-14 12:18:30,183 | WARNING | Abfrage-Fehler | Lektion='Test' Frage='Woche' Erwartet='week' Gegeben='wek' Richtung=de-en
2026-09-14 12:18:30,183 | INFO | Abfrage | FALSCH | de='Woche' en='week' gegeben='wek'
2026-09-14 12:18:30,184 | INFO | Abfrage | RICHTIG | de='Tag' en='day' gegeben='day'
2026-09-14 12:18:30,184 | INFO | Abfrage | RICHTIG | de='dank' en='thank you' gegeben='thank you'
2026-09-14 12:18:30,184 | INFO | Abfrage | RICHTIG | de='Woche' en='week' gegeben='week'
2026-09-14 12:18:30,184 | INFO | === ABFRAGE beendet | Lektion='Test' Richtig=4/5 ===
2026-09-14 12:19:21,106 | INFO | === TEST gestartet | Lektion='Test' Anzahl Fragen=8 ===
2026-09-14 12:19:21,107 | WARNING | Test-Fehler | Lektion='Test' de='Hallo' en='hello' Richtung=de-en Gegeben='helo'
2026-09-14 12:19:21,107 | INFO | Test | FALSCH | de='Hallo' en='hello' Richtung=de-en gegeben='helo'
2026-09-14 12:19:21,107 | INFO | Test | RICHTIG | de='Woche' en='week' Richtung=de-en gegeben='week'
2026-09-14 12:19:21,108 | INFO | Test | RICHTIG | de='Tag' en='day' Richtung=en-de gegeben='Tag'
2026-09-14 12:19:21,108 | WARNING | Test-Fehler | Lektion='Test' de='dank' en='thank you' Richtung=en-de Gegeben='danke'
2026-09-14 12:19:21,108 | INFO | Test | FALSCH | de='dank' en='thank you' Richtung=en-de gegeben='danke'
2026-09-14 12:19:21,108 | INFO | Test | RICHTIG | de='Woche' en='week' Richtung=en-de gegeben='woche'
2026-09-14 12:19:21,109 | INFO | Test | RICHTIG | de='Tag' en='day' Richtung=de-en gegeben='day'
2026-09-14 12:19:21,109 | INFO | Test | RICHTIG | de='dank' en='thank you' Richtung=de-en gegeben='thank you'
2026-09-14 12:19:21,109 | INFO | Test | RICHTIG | de='Hallo' en='hello' Richtung=en-de gegeben='hallo'
2026-09-14 12:19:21,109 | INFO | === TEST beendet | Lektion='Test' Punkte=6/8 (75.0%) Note=3 ===
2026-09-14 12:21:12,882 | INFO | === ABFRAGE gestartet | Lektion='Test' Richtung=de-en ===
2026-09-14 12:21:12,882 | INFO | Abfrage | RICHTIG | de='Woche' en='week' gegeben='Week'
2026-09-14 12:21:12,882 | INFO | Abfrage | RICHTIG | de='Tag' en='day' gegeben='Day'
2026-09-14 12:21:12,883 | INFO | Abfrage | RICHTIG | de='Hallo' en='hello' gegeben='Hello'
2026-09-14 12:21:12,883 | WARNING | Abfrage-Fehler | Lektion='Test' Frage='dank' Erwartet='thank you' Gegeben='Tgank you' Richtung=de-en
2026-09-14 12:21:12,883 | INFO | Abfrage | FALSCH | de='dank' en='thank you' gegeben='Tgank you'
2026-09-14 12:21:12,883 | INFO | Abfrage | RICHTIG | de='dank' en='thank you' gegeben='Thank you'
2026-09-14 12:21:12,884 | INFO | === ABFRAGE beendet | Lektion='Test' Richtig=4/5 ===
2026-09-14 15:24:09,366 | INFO | Lektion aktualisiert: 'Test', jetzt 4 Vokabeln
2026-09-14 15:24:38,251 | INFO | === ABFRAGE gestartet | Lektion='Test' Richtung=de-en ===
2026-09-14 15:24:38,252 | WARNING | Abfrage-Fehler | Lektion='Test' Frage='danke' Erwartet='thank you' Gegeben='Thank you' Richtung=de-en
2026-09-14 15:24:38,252 | INFO | Abfrage | FALSCH | de='danke' en='thank you' gegeben='Thank you'
2026-09-14 15:24:38,252 | INFO | Abfrage | RICHTIG | de='Tag' en='day' gegeben='day'
2026-09-14 15:24:38,252 | INFO | Abfrage | RICHTIG | de='Woche' en='week' gegeben='week'
2026-09-14 15:24:38,252 | INFO | Abfrage | RICHTIG | de='Hallo' en='hello' gegeben='hello'
2026-09-14 15:24:38,253 | INFO | Abfrage | RICHTIG | de='danke' en='thank you' gegeben='thank you'
2026-09-14 15:24:38,253 | INFO | === ABFRAGE beendet | Lektion='Test' Richtig=4/5 ===
2026-09-15 08:42:02,655 | INFO | === ABFRAGE gestartet | Lektion='Test' Richtung=de-en ===
2026-09-15 08:42:02,655 | INFO | Abfrage | RICHTIG | de='Tag' en='day' gegeben='day'
2026-09-15 08:42:02,655 | INFO | Abfrage | RICHTIG | de='danke' en='thank you' gegeben='thank you'
2026-09-15 08:42:02,655 | INFO | Abfrage | RICHTIG | de='Woche' en='week' gegeben='week'
2026-09-15 08:42:02,655 | INFO | Abfrage | RICHTIG | de='Hallo' en='hello' gegeben='hello'
2026-09-15 08:42:02,656 | INFO | === ABFRAGE beendet | Lektion='Test' Richtig=4/4 ===
2026-09-15 08:42:37,636 | INFO | === TEST gestartet | Lektion='Test' Anzahl Fragen=8 ===
2026-09-15 08:42:37,636 | INFO | Test | RICHTIG | de='Tag' en='day' Richtung=en-de gegeben='Tag'
2026-09-15 08:42:37,637 | INFO | Test | RICHTIG | de='Woche' en='week' Richtung=en-de gegeben='Woche'
2026-09-15 08:42:37,637 | INFO | Test | RICHTIG | de='danke' en='thank you' Richtung=de-en gegeben='thank you'
2026-09-15 08:42:37,637 | WARNING | Test-Fehler | Lektion='Test' de='Hallo' en='hello' Richtung=en-de Gegeben='hello'
2026-09-15 08:42:37,638 | INFO | Test | FALSCH | de='Hallo' en='hello' Richtung=en-de gegeben='hello'
2026-09-15 08:42:37,638 | INFO | Test | RICHTIG | de='Hallo' en='hello' Richtung=de-en gegeben='hello'
2026-09-15 08:42:37,638 | INFO | Test | RICHTIG | de='danke' en='thank you' Richtung=en-de gegeben='Danke'
2026-09-15 08:42:37,638 | INFO | Test | RICHTIG | de='Tag' en='day' Richtung=de-en gegeben='day'
2026-09-15 08:42:37,639 | INFO | Test | RICHTIG | de='Woche' en='week' Richtung=de-en gegeben='week'
2026-09-15 08:42:37,639 | INFO | === TEST beendet | Lektion='Test' Punkte=7/8 (87.5%) Note=2 ===
2026-09-21 13:59:47,702 | INFO | Lektion gelöscht: 'Test'
2026-09-21 14:05:30,282 | INFO | Lektion angelegt: 'S170' mit 18 Vokabeln
